bun test v1.3.5 (1e86cebd)

tests/runner.test.ts:
(pass) EventLogger > should initialize and log session start [2.00ms]
(pass) EventLogger > should validate and log events [2.00ms]
(pass) EventLogger > should log multiple events efficiently [1.00ms]
Invalid event received: {
  type: "invalid",
  message: "missing id, timestamp, sessionId",
}
(pass) EventLogger > should reject invalid events
(pass) EventLogger > should close properly [1.00ms]
(pass) Schema validation > should validate event structure [1.00ms]
(pass) Schema validation > should serialize events correctly
(pass) Schema validation > should handle circular references in serialization [5.00ms]
(pass) Event creation utilities > should create events with unique IDs
(pass) Event creation utilities > should create different event types

tests/cli.test.ts:
(pass) CLI Argument Parsing > should parse required arguments --url and --out
(pass) CLI Argument Parsing > should parse optional --config argument
(pass) CLI Argument Parsing > should exit with error when --url is missing [1.00ms]
(pass) CLI Argument Parsing > should exit with error when --out is missing
(pass) CLI Argument Parsing > should ignore unknown arguments
Usage: js_unshroud run --url <url> --out <output.jsonl> [--config <config.json>]
(pass) CLI Argument Parsing > should handle malformed argument pairs
(pass) Instrumentation Config Loading > should return default config when no configPath provided
(pass) Instrumentation Config Loading > should load and merge config from file
Failed to load config from ./tests/fixtures/invalid-config.json, using defaults
(pass) Instrumentation Config Loading > should handle invalid JSON in config file
Failed to load config from ./tests/fixtures/nonexistent-config.json, using defaults
(pass) Instrumentation Config Loading > should handle missing config file
(pass) Instrumentation Config Loading > should merge partial config with defaults
(pass) Session ID Generation > should generate session ID with proper format
(pass) Session ID Generation > should generate unique session IDs
(pass) Session Configuration Creation > should create session config with args
(pass) Session Configuration Creation > should create session config without config path
(pass) Instrumentation Script Loading > should load all scripts when all features enabled [1.00ms]
(pass) Instrumentation Script Loading > should only load enabled scripts [2.00ms]
(pass) Instrumentation Script Loading > should handle minimal config with only bootstrap [1.00ms]
(pass) Instrumentation Injection > should inject scripts based on config
(pass) Instrumentation Injection > should skip disabled scripts
(pass) Instrumentation Injection > should handle script injection errors [1.00ms]
(pass) Instrumentation Injection > should handle minimal config with only bootstrap
(pass) Cleanup Operations > should perform cleanup successfully [1.00ms]
Starting cleanup...
Cleanup completed.
(pass) Cleanup Operations > should handle cleanup errors gracefully
(pass) Main Function > should create valid configuration from args
(pass) CDPSessionManager Tests > should handle setup methods when CDP session is null [1.00ms]
(pass) CDPSessionManager Tests > should handle CDP session initialization failure gracefully [162.00ms]
Starting cleanup...
Cleanup completed.
(pass) CDPSessionManager Tests > should successfully flush pending events [633.00ms]
Starting cleanup...
Cleanup completed.
(pass) End-to-End Integration Tests > should successfully instrument and monitor test page [11143.00ms]
Starting cleanup...
Cleanup completed.
(pass) End-to-End Integration Tests > should handle page navigation errors gracefully [129.00ms]
(pass) End-to-End Integration Tests > should handle CDP session initialization errors [113.00ms]
Starting cleanup...
Cleanup completed.
(pass) End-to-End Integration Tests > should handle instrumentation injection failures [103.00ms]

tests/instrumentation.test.ts:
(pass) Instrumentation Scripts > Bootstrap Script > should initialize __js_unshroud_log function [48.00ms]
(pass) Instrumentation Scripts > Bootstrap Script > should intercept console methods [386.00ms]
(pass) Instrumentation Scripts > Network Hooks Script > should intercept fetch calls [577.00ms]
(pass) Instrumentation Scripts > Network Hooks Script > should intercept XMLHttpRequest calls [176.00ms]
(pass) Instrumentation Scripts > Network Hooks Script > should capture stack traces [177.00ms]
(pass) Instrumentation Scripts > Storage Hooks Script > should intercept localStorage.setItem [177.00ms]
(pass) Instrumentation Scripts > Storage Hooks Script > should intercept sessionStorage.setItem [174.00ms]
(pass) Instrumentation Scripts > Storage Hooks Script > should track old values when updating storage [167.00ms]
(pass) Instrumentation Scripts > Timer Hooks Script > should intercept setTimeout calls [173.00ms]
(pass) Instrumentation Scripts > Timer Hooks Script > should intercept setInterval calls [170.00ms]
(pass) Instrumentation Scripts > Timer Hooks Script > should intercept requestAnimationFrame calls [174.00ms]
(pass) Instrumentation Scripts > DOM Hooks Script > should intercept addEventListener calls [178.00ms]
(pass) Instrumentation Scripts > DOM Hooks Script > should intercept DOM mutation methods [167.00ms]
(pass) Instrumentation Scripts > DOM Hooks Script > should intercept innerHTML changes [182.00ms]
(pass) Instrumentation Scripts > Fingerprinting Hooks Script > should intercept canvas toDataURL calls [159.00ms]
(pass) Instrumentation Scripts > Fingerprinting Hooks Script > should intercept navigator property reads [163.00ms]
(pass) Instrumentation Scripts > Object Tracking Script > should provide trackObject API [67.00ms]
(pass) Instrumentation Scripts > Object Tracking Script > should track object property access [167.00ms]
(pass) Instrumentation Scripts > Error Handling > should not break page when instrumentation errors occur [64.00ms]

tests/runMonitoring.test.ts:
Monitoring file:///home/edygert333/ai/js_unshroud/test_monitoring.html, outputting to /tmp/runmon-test-1768274677120-2g5nezy98.jsonl
Navigating to file:///home/edygert333/ai/js_unshroud/test_monitoring.html...
Instrumentation loaded, monitoring for 15 seconds...
Monitoring completed.
Starting cleanup...
Cleanup completed.
(pass) runMonitoring Function > should complete full monitoring cycle with runMonitoring [15148.00ms]
Monitoring file:///home/edygert333/ai/js_unshroud/test_monitoring.html, outputting to /tmp/runmon-test-1768274692268-fved2i6dq.jsonl
Navigating to file:///home/edygert333/ai/js_unshroud/test_monitoring.html...
Instrumentation loaded, monitoring for 15 seconds...
Monitoring completed.
Starting cleanup...
Cleanup completed.
(pass) runMonitoring Function > should handle runMonitoring with custom config [23125.00ms]
Monitoring http://this-domain-does-not-exist-12345.invalid, outputting to /tmp/runmon-test-1768274715393-mp4rz94ql.jsonl
Navigating to http://this-domain-does-not-exist-12345.invalid...
Error during monitoring: 284 |     await cdpManager.initialize(page);
285 |     await injectInstrumentation(page, config, sessionId);
286 | 
287 |     // Navigate to the URL
288 |     console.log(`Navigating to ${args.url}...`);
289 |     await page.goto(args.url, {
                     ^
error: goto: net::ERR_NAME_NOT_RESOLVED at http://this-domain-does-not-exist-12345.invalid/
Call log:
[2m  - navigating to "http://this-domain-does-not-exist-12345.invalid/", waiting until "domcontentloaded"[22m

      at runMonitoring (/home/edygert333/ai/js_unshroud/src/cli/runner.ts:289:16)
      at processTicksAndRejections (native:7:39)
      at /home/edygert333/ai/js_unshroud/tests/runMonitoring.test.ts:108:5
      at /home/edygert333/ai/js_unshroud/tests/runMonitoring.test.ts:99:57

Starting cleanup...
Cleanup completed.
(pass) runMonitoring Function > should handle navigation errors in runMonitoring [577.00ms]
Monitoring file:///home/edygert333/ai/js_unshroud/test_monitoring.html, outputting to /tmp/runmon-test-1768274715970-1etftpu99.jsonl
Navigating to file:///home/edygert333/ai/js_unshroud/test_monitoring.html...
Instrumentation loaded, monitoring for 15 seconds...
Monitoring completed.
Starting cleanup...
Cleanup completed.
(pass) runMonitoring Function > should capture console and network events via runMonitoring [23132.00ms]
Monitoring file:///home/edygert333/ai/js_unshroud/test_monitoring.html, outputting to /tmp/runmon-test-1768274739102-6kiaegnuc.jsonl
Navigating to file:///home/edygert333/ai/js_unshroud/test_monitoring.html...
Instrumentation loaded, monitoring for 15 seconds...
Monitoring completed.
Starting cleanup...
Cleanup completed.
(pass) runMonitoring Function > should properly cleanup on success [15175.00ms]
Monitoring file:///home/edygert333/ai/js_unshroud/test_monitoring.html, outputting to /tmp/runmon-test-1768274754277-hkwjk59lh.jsonl
Navigating to file:///home/edygert333/ai/js_unshroud/test_monitoring.html...
Instrumentation loaded, monitoring for 15 seconds...
Monitoring completed.
Starting cleanup...
Cleanup completed.
(pass) runMonitoring Function > should handle partial config in runMonitoring [15177.00ms]
Monitoring http://invalid-url-that-will-fail.test, outputting to /tmp/main-test-1768274769456.jsonl
Navigating to http://invalid-url-that-will-fail.test...
Error during monitoring: 284 |     await cdpManager.initialize(page);
285 |     await injectInstrumentation(page, config, sessionId);
286 | 
287 |     // Navigate to the URL
288 |     console.log(`Navigating to ${args.url}...`);
289 |     await page.goto(args.url, {
                     ^
error: goto: net::ERR_NAME_NOT_RESOLVED at http://invalid-url-that-will-fail.test/
Call log:
[2m  - navigating to "http://invalid-url-that-will-fail.test/", waiting until "domcontentloaded"[22m

      at runMonitoring (/home/edygert333/ai/js_unshroud/src/cli/runner.ts:289:16)
      at processTicksAndRejections (native:7:39)
      at /home/edygert333/ai/js_unshroud/tests/runMonitoring.test.ts:146:47
      at /home/edygert333/ai/js_unshroud/tests/runMonitoring.test.ts:137:57

Starting cleanup...
Cleanup completed.
(pass) Main Function Entry Point > should handle errors in monitoring gracefully [675.00ms]

tests/analysis.test.ts:
(pass) Analysis Engine Tests > QueryEngine > should return all events when no filter is provided [4.00ms]
(pass) Analysis Engine Tests > QueryEngine > should filter by type [1.00ms]
(pass) Analysis Engine Tests > QueryEngine > should filter by type console
(pass) Analysis Engine Tests > QueryEngine > should filter network events by method [1.00ms]
(pass) Analysis Engine Tests > QueryEngine > should filter network events by URL
(pass) Analysis Engine Tests > QueryEngine > should filter network events by URL regex [1.00ms]
(pass) Analysis Engine Tests > QueryEngine > should filter network events by status
(pass) Analysis Engine Tests > QueryEngine > should filter console events by level [1.00ms]
(pass) Analysis Engine Tests > QueryEngine > should filter by correlationId
(pass) Analysis Engine Tests > QueryEngine > should filter by timestamp range [1.00ms]
(pass) Analysis Engine Tests > QueryEngine > should filter by timestamp from only
(pass) Analysis Engine Tests > QueryEngine > should filter by timestamp to only [1.00ms]
(pass) Analysis Engine Tests > QueryEngine > should return empty array for non-matching filter
(pass) Analysis Engine Tests > QueryEngine > should handle streaming with filters [1.00ms]
(pass) Analysis Engine Tests > QueryEngine > should handle streaming without filters
(pass) Analysis Engine Tests > QueryEngine > should count events with filter [1.00ms]
(pass) Analysis Engine Tests > QueryEngine > should count all events without filter [1.00ms]
(pass) Analysis Engine Tests > QueryEngine > should count zero for non-matching filter
(pass) Analysis Engine Tests > QueryEngine > should filter storage events by storageType [1.00ms]
(pass) Analysis Engine Tests > QueryEngine > should filter storage events by operation
(pass) Analysis Engine Tests > QueryEngine > should handle malformed JSON lines gracefully [1.00ms]
(pass) Analysis Engine Tests > QueryEngine > should handle filters on custom fields in query filter
(pass) Analysis Engine Tests > TimelineFormatter > should create timeline entries correctly [1.00ms]
(pass) Analysis Engine Tests > TimelineFormatter > should format as text correctly
(pass) Analysis Engine Tests > TimelineFormatter > should format as JSON correctly
(pass) Analysis Engine Tests > TimelineFormatter > should group simultaneous events [1.00ms]
(pass) Analysis Engine Tests > TimelineFormatter > should handle empty events array
(pass) Analysis Engine Tests > TimelineFormatter > should filter by time range
(pass) Analysis Engine Tests > TimelineFormatter > should filter by start time only
(pass) Analysis Engine Tests > TimelineFormatter > should filter by end time only
(pass) Analysis Engine Tests > TimelineFormatter > should respect max entries limit
(pass) Analysis Engine Tests > TimelineFormatter > should generate correct event summaries for all types
(pass) Analysis Engine Tests > TimelineFormatter > should combine multiple events at same timestamp
(pass) Analysis Engine Tests > TimelineFormatter > should get statistics correctly
(pass) Analysis Engine Tests > TimelineFormatter > should get statistics with time range filter [1.00ms]
(pass) Analysis Engine Tests > TimelineFormatter > should handle unknown event types
(pass) Analysis Engine Tests > CorrelationEngine > should initialize with default correlation rules
(pass) Analysis Engine Tests > CorrelationEngine > should find storage-to-network correlations [3.00ms]
(pass) Analysis Engine Tests > CorrelationEngine > should find network request-response pairs [1.00ms]
(pass) Analysis Engine Tests > CorrelationEngine > should find error chains
(pass) Analysis Engine Tests > CorrelationEngine > should find timer-to-network sequences
(pass) Analysis Engine Tests > CorrelationEngine > should return all correlations when no rule specified [1.00ms]
(pass) Analysis Engine Tests > CorrelationEngine > should throw error for non-existent correlation rule [1.00ms]
(pass) Analysis Engine Tests > CorrelationEngine > should handle time gaps in sequence correlations
(pass) Analysis Engine Tests > CorrelationEngine > should find multiple sequences in the same correlation group [1.00ms]
(pass) Analysis Engine Tests > CorrelationEngine > should sort correlations by start time
(pass) Analysis Engine Tests > CorrelationEngine > should calculate correct time spans for correlations [1.00ms]
(pass) Analysis Engine Tests > CorrelationEngine > should handle correlationId field as correlation key [1.00ms]
(pass) Analysis Engine Tests > CorrelationEngine > should handle URL field as correlation key
(pass) Analysis Engine Tests > CorrelationEngine > should not find groups with fewer than 2 events [1.00ms]
(pass) Analysis Engine Tests > CorrelationEngine > should restart sequence when time gap resets and new valid sequence starts
(pass) Analysis Engine Tests > CorrelationEngine > should handle out-of-order event types in sequences [1.00ms]
(pass) Analysis Engine Tests > CorrelationEngine > should handle groups with time gaps exceeding threshold [1.00ms]
(pass) Analysis Engine Tests > CorrelationEngine > should process final group when stream ends
(pass) Analysis Engine Tests > CorrelationEngine > should handle events without correlation field fallback to sessionId [1.00ms]

tests/errors.test.ts:
(pass) Error Classes > JSUnshroudError > should create base error with message and code
(pass) Error Classes > EventValidationError > should create event validation error with event
(pass) Error Classes > CDPError > should create CDP error with method
(pass) Error Classes > CDPError > should create CDP error without method
(pass) Error Classes > ConfigError > should create config error with path
(pass) Error Classes > ConfigError > should create config error without path
(pass) Error Classes > CorrelationRuleError > should create correlation rule error with rule name and available rules [1.00ms]
(pass) Error Classes > CorrelationRuleError > should create correlation rule error without optional params
(pass) Error Classes > FileError > should create file error with path
(pass) Error Classes > FileError > should create file error without path
---------------------------------------|---------|---------|-------------------
File                                   | % Funcs | % Lines | Uncovered Line #s
---------------------------------------|---------|---------|-------------------
All files                              |   94.30 |   95.43 |
 src/analysis/CorrelationEngine.ts     |  100.00 |  100.00 | 
 src/analysis/QueryEngine.ts           |   90.91 |   98.78 | 
 src/analysis/TimelineFormatter.ts     |  100.00 |  100.00 | 
 src/cli/runner.ts                     |   80.65 |   91.74 | 172,180,184,188,296,301,321-326,332-334,336-338
 src/orchestrator/CDPSessionManager.ts |   90.00 |   86.96 | 142-158
 src/orchestrator/EventLogger.ts       |   92.86 |   98.31 | 
 src/schema/events.ts                  |  100.00 |   87.67 | 84,93,95-101
 src/utils/errors.ts                   |  100.00 |  100.00 | 
---------------------------------------|---------|---------|-------------------

 133 pass
 0 fail
 353 expect() calls
Ran 133 tests across 6 files. [109.32s]
